// Jest Snapshot v1, https://goo.gl/fbAQLP

exports[`AuthModalContainer component <ResetPassword /> renders correctly 1`] = `ShallowWrapper {}`;
