// Jest Snapshot v1, https://goo.gl/fbAQLP

exports[`AuthModal component renders correctly 1`] = `ShallowWrapper {}`;
