// Jest Snapshot v1, https://goo.gl/fbAQLP

exports[`Reset password component <ResetPassword /> renders correctly 1`] = `ShallowWrapper {}`;
