// Jest Snapshot v1, https://goo.gl/fbAQLP

exports[`LandingPage component renders correctly 1`] = `ReactWrapper {}`;
