// Jest Snapshot v1, https://goo.gl/fbAQLP

exports[`Novel-list Component should render properly 1`] = `ShallowWrapper {}`;
