// Jest Snapshot v1, https://goo.gl/fbAQLP

exports[`TextInput component <TextInput /> renders correctly 1`] = `ReactWrapper {}`;
