// Jest Snapshot v1, https://goo.gl/fbAQLP

exports[`Notification component renders correctly 1`] = `ShallowWrapper {}`;
