// Jest Snapshot v1, https://goo.gl/fbAQLP

exports[`App component renders correctly 1`] = `ReactWrapper {}`;

exports[`App component renders without crashing 1`] = `ShallowWrapper {}`;

exports[`App component renders without crashing 2`] = `ShallowWrapper {}`;
