// Jest Snapshot v1, https://goo.gl/fbAQLP

exports[`LoginForm component renders correctly 1`] = `ShallowWrapper {}`;

exports[`LoginFormRenderer component renders correctly 1`] = `ShallowWrapper {}`;
