// Jest Snapshot v1, https://goo.gl/fbAQLP

exports[`Author Stats Component should render properly 1`] = `ShallowWrapper {}`;
