// Jest Snapshot v1, https://goo.gl/fbAQLP

exports[`========= Profile Page ============ should render child components correctly 1`] = `ReactWrapper {}`;
