// Jest Snapshot v1, https://goo.gl/fbAQLP

exports[`Author Profile/Bio Component should render properly 1`] = `ShallowWrapper {}`;
