// Jest Snapshot v1, https://goo.gl/fbAQLP

exports[`Seperator component renders correctly 1`] = `ShallowWrapper {}`;
