// Jest Snapshot v1, https://goo.gl/fbAQLP

exports[`SucessIcon component <SucessIcon /> renders correctly 1`] = `ReactWrapper {}`;
